// Jest Snapshot v1, https://goo.gl/fbAQLP

exports[`Testing the Layout of IssuersList Check whether it renders empty issuers list 1`] = `
<DocumentFragment>
  <div
    class=" flex flex-col items-center justify-center"
    data-testid="Issuers-List-Container"
  >
    <div
      class="text-center font-bold text-iw-title mt-8 text-[24px] leading-[32px] flex"
      data-testid="HeaderTile-Text"
    >
      List of Issuers
    </div>
    <div
      class="text-center text-iw-subTitle text-[14px] leading-[20px] font-medium mb-8 mt-2 flex"
      data-testid="HeaderTile-Text-SubContent"
    >
      Search for your trusted issuer and choose a credential type in the next step.
    </div>
    <div
      class="flex justify-center items-center w-full mx-auto my-auto flex-col h-72 px-10 rounded-xl border-2 border-dashed border-iw-grayLight"
      data-testid="EmptyList-Outer-Container"
    >
      <div
        class="flex items-center justify-center w-14 h-14 rounded-2xl bg-iw-paleGray"
        data-testid="EmptyList-Icon"
      >
        <svg
          class="text-iw-subTitle"
          fill="currentColor"
          height="28"
          stroke="currentColor"
          stroke-width="0"
          viewBox="0 0 512 512"
          width="28"
          xmlns="http://www.w3.org/2000/svg"
        >
          <path
            d="M448 256c0-106-86-192-192-192S64 150 64 256s86 192 192 192 192-86 192-192z"
            fill="none"
            stroke-miterlimit="10"
            stroke-width="32"
          />
          <path
            d="M250.26 166.05 256 288l5.73-121.95a5.74 5.74 0 0 0-5.79-6h0a5.74 5.74 0 0 0-5.68 6z"
            fill="none"
            stroke-linecap="round"
            stroke-linejoin="round"
            stroke-width="32"
          />
          <path
            d="M256 367.91a20 20 0 1 1 20-20 20 20 0 0 1-20 20z"
          />
        </svg>
      </div>
      <p
        class="mt-4 text-center font-semibold text-iw-title"
        data-testid="EmptyList-Text"
      >
        No issuers found.
      </p>
      <p
        class="mt-1 text-center text-sm text-iw-subTitle"
        data-testid="EmptyList-SubText"
      >
        Please refresh your browser window or try again later
      </p>
    </div>
  </div>
</DocumentFragment>
`;

exports[`Testing the Layout of IssuersList Check whether it renders error state 1`] = `
<DocumentFragment>
  <div
    class=" flex flex-col items-center justify-center"
    data-testid="Issuers-List-Container"
  >
    <div
      class="text-center font-bold text-iw-title mt-8 text-[24px] leading-[32px] flex"
      data-testid="HeaderTile-Text"
    >
      List of Issuers
    </div>
    <div
      class="text-center text-iw-subTitle text-[14px] leading-[20px] font-medium mb-8 mt-2 flex"
      data-testid="HeaderTile-Text-SubContent"
    >
      Search for your trusted issuer and choose a credential type in the next step.
    </div>
    <div
      class="flex justify-center items-center w-full mx-auto my-auto flex-col h-72 px-10 rounded-xl border-2 border-dashed border-iw-grayLight"
      data-testid="EmptyList-Outer-Container"
    >
      <div
        class="flex items-center justify-center w-14 h-14 rounded-2xl bg-iw-paleGray"
        data-testid="EmptyList-Icon"
      >
        <svg
          class="text-iw-subTitle"
          fill="currentColor"
          height="28"
          stroke="currentColor"
          stroke-width="0"
          viewBox="0 0 512 512"
          width="28"
          xmlns="http://www.w3.org/2000/svg"
        >
          <path
            d="M448 256c0-106-86-192-192-192S64 150 64 256s86 192 192 192 192-86 192-192z"
            fill="none"
            stroke-miterlimit="10"
            stroke-width="32"
          />
          <path
            d="M250.26 166.05 256 288l5.73-121.95a5.74 5.74 0 0 0-5.79-6h0a5.74 5.74 0 0 0-5.68 6z"
            fill="none"
            stroke-linecap="round"
            stroke-linejoin="round"
            stroke-width="32"
          />
          <path
            d="M256 367.91a20 20 0 1 1 20-20 20 20 0 0 1-20 20z"
          />
        </svg>
      </div>
      <p
        class="mt-4 text-center font-semibold text-iw-title"
        data-testid="EmptyList-Text"
      >
        No issuers found.
      </p>
      <p
        class="mt-1 text-center text-sm text-iw-subTitle"
        data-testid="EmptyList-SubText"
      >
        Please refresh your browser window or try again later
      </p>
    </div>
  </div>
</DocumentFragment>
`;

exports[`Testing the Layout of IssuersList Check whether it renders issuers list properly 1`] = `
<DocumentFragment>
  <div
    class=" flex flex-col items-center justify-center"
    data-testid="Issuers-List-Container"
  >
    <div
      class="text-center font-bold text-iw-title mt-8 text-[24px] leading-[32px] flex"
      data-testid="HeaderTile-Text"
    >
      List of Issuers
    </div>
    <div
      class="text-center text-iw-subTitle text-[14px] leading-[20px] font-medium mb-8 mt-2 flex"
      data-testid="HeaderTile-Text-SubContent"
    >
      Search for your trusted issuer and choose a credential type in the next step.
    </div>
    <div
      class="flex justify-center items-center w-full mx-auto my-auto flex-col h-72 px-10 rounded-xl border-2 border-dashed border-iw-grayLight"
      data-testid="EmptyList-Outer-Container"
    >
      <div
        class="flex items-center justify-center w-14 h-14 rounded-2xl bg-iw-paleGray"
        data-testid="EmptyList-Icon"
      >
        <svg
          class="text-iw-subTitle"
          fill="currentColor"
          height="28"
          stroke="currentColor"
          stroke-width="0"
          viewBox="0 0 512 512"
          width="28"
          xmlns="http://www.w3.org/2000/svg"
        >
          <path
            d="M448 256c0-106-86-192-192-192S64 150 64 256s86 192 192 192 192-86 192-192z"
            fill="none"
            stroke-miterlimit="10"
            stroke-width="32"
          />
          <path
            d="M250.26 166.05 256 288l5.73-121.95a5.74 5.74 0 0 0-5.79-6h0a5.74 5.74 0 0 0-5.68 6z"
            fill="none"
            stroke-linecap="round"
            stroke-linejoin="round"
            stroke-width="32"
          />
          <path
            d="M256 367.91a20 20 0 1 1 20-20 20 20 0 0 1-20 20z"
          />
        </svg>
      </div>
      <p
        class="mt-4 text-center font-semibold text-iw-title"
        data-testid="EmptyList-Text"
      >
        No issuers found.
      </p>
      <p
        class="mt-1 text-center text-sm text-iw-subTitle"
        data-testid="EmptyList-SubText"
      >
        Please refresh your browser window or try again later
      </p>
    </div>
  </div>
</DocumentFragment>
`;

exports[`Testing the Layout of IssuersList Check whether it renders loading state 1`] = `
<DocumentFragment>
  <svg
    height="0"
    width="0"
  >
    <lineargradient
      id="blue-gradient-AAAAAAA"
      x1="0%"
      x2="100%"
      y1="0%"
      y2="100%"
    >
      <stop
        offset="0%"
        stop-color="var(--iw-color-primary)"
      />
      <stop
        offset="100%"
        stop-color="var(--iw-color-secondary)"
      />
    </lineargradient>
  </svg>
  <div
    class="flex justify-center items-center"
    data-testid="SpinningLoader-Container"
  >
    <div
      aria-busy="true"
      aria-label="oval-loading"
      class="sc-beySPh gZmPOF"
      data-testid="oval-loading"
      role="progressbar"
    >
      <svg
        data-testid="oval-svg"
        height="80"
        stroke="var(--iw-color-spinningLoaderPrimary)"
        viewBox="-20.5 -20.5 43 43"
        width="80"
        xmlns="http://www.w3.org/2000/svg"
      >
        <g
          fill="none"
          fill-rule="evenodd"
        >
          <g
            data-testid="oval-secondary-group"
            stroke-width="3"
            transform="translate(1 1)"
          >
            <circle
              cx="0"
              cy="0"
              r="20"
              stroke="var(--iw-color-spinningLoaderSecondary)"
              stroke-opacity=".5"
              stroke-width="3"
            />
            <path
              d="M20 0c0-9.94-8.06-20-20-20"
            >
              <animatetransform
                attributeName="transform"
                dur="1s"
                from="0 0 0"
                repeatCount="indefinite"
                to="360 0 0"
                type="rotate"
              />
            </path>
          </g>
        </g>
      </svg>
    </div>
  </div>
</DocumentFragment>
`;
